========== Starts statevector simulation ==========
Start calculating the ground state using VQE
Finish calculating the ground state using VQE
Ground state energy = -213.939 eV
Start calculating (NÂ±1)-electron states
eigenstates_e
 [[ 0.      +0.j  0.027975+0.j  0.      +0.j -0.999609+0.j]
 [ 0.027975+0.j  0.      +0.j -0.999609+0.j  0.      +0.j]
 [ 0.      +0.j  0.999609+0.j  0.      +0.j  0.027975+0.j]
 [ 0.999609+0.j  0.      +0.j  0.027975+0.j  0.      +0.j]]
eigenstates_h
 [[ 0.      +0.j  0.1143  +0.j  0.      +0.j -0.993446+0.j]
 [-0.1143  +0.j  0.      +0.j  0.993446+0.j  0.      +0.j]
 [ 0.      +0.j -0.993446+0.j  0.      +0.j -0.1143  +0.j]
 [ 0.993446+0.j  0.      +0.j  0.1143  +0.j  0.      +0.j]]
Start calculating diagonal transition amplitudes
m = 0
Index of largest element is 00100
--------------------------------------------------------------------------------
[ 1.910397e-35-1.712021e-34j -2.020530e-02-1.053413e-17j
  2.013550e-34-7.373282e-34j -6.808643e-03-1.179412e-16j]
--------------------------------------------------------------------------------
@@@@@ probs_e = [5.433502e-05 0.000000e+00 4.002769e-04 0.000000e+00]
@@@@@ probs_h = [0.       0.984901 0.       0.014644]
m = 1
Index of largest element is 00010
--------------------------------------------------------------------------------
[-0.020205-1.053413e-17j  0.      +0.000000e+00j -0.006786-6.142380e-18j
  0.      +0.000000e+00j]
--------------------------------------------------------------------------------
@@@@@ probs_e = [0.000000e+00 5.400803e-05 0.000000e+00 4.003018e-04]
@@@@@ probs_h = [0.984896 0.       0.01465  0.      ]
m = 2
Index of largest element is 01111
--------------------------------------------------------------------------------
[-1.994366e-35-1.843321e-34j -6.786421e-03-6.142380e-18j
 -2.591163e-34+3.356054e-34j  9.997496e-01+3.144597e-16j]
--------------------------------------------------------------------------------
@@@@@ probs_e = [0.998338 0.       0.001208 0.      ]
@@@@@ probs_h = [0.000000e+00 8.232831e-05 0.000000e+00 3.722836e-04]
m = 3
Index of largest element is 10111
--------------------------------------------------------------------------------
[-0.006809-1.179412e-16j  0.      +0.000000e+00j  0.99975 +3.144597e-16j
  0.      +0.000000e+00j]
--------------------------------------------------------------------------------
@@@@@ probs_e = [0.       0.998336 0.       0.001209]
@@@@@ probs_h = [8.192818e-05 0.000000e+00 3.723817e-04 0.000000e+00]
Finish calculating diagonal transition amplitudes
Start calculating off-diagonal transition amplitudes
B_e

m = 0, m' = 0, lambda = 2: 0.000400+0.000000j
m = 0, m' = 2, lambda = 0: -0.007365+0.000000j
m = 0, m' = 2, lambda = 2: 0.000695+0.000000j
m = 2, m' = 0, lambda = 0: -0.007365-0.000000j
m = 2, m' = 0, lambda = 2: 0.000695-0.000000j
m = 2, m' = 2, lambda = 0: 0.998338+0.000000j
m = 2, m' = 2, lambda = 2: 0.001208+0.000000j
Finish calculating off-diagonal transition amplitudes
