[1.+0.j] PauliTable: ['IIIX']
[1.+0.j] PauliTable: ['IIXZ']
[1.+0.j] PauliTable: ['IXZZ']
[1.+0.j] PauliTable: ['XZZZ']
[0.+1.j] PauliTable: ['IIIY']
[0.+1.j] PauliTable: ['IIYZ']
[0.+1.j] PauliTable: ['IYZZ']
[0.+1.j] PauliTable: ['YZZZ']

[1.+0.j] PauliTable: ['IIIX']
[1.+0.j] PauliTable: ['IZXZ']
[-1.+0.j] PauliTable: ['ZYZY']
[-1.+0.j] PauliTable: ['YIYZ']
[0.+1.j] PauliTable: ['IZIY']
[0.+1.j] PauliTable: ['ZZYZ']
[0.+1.j] PauliTable: ['ZXZY']
[0.+1.j] PauliTable: ['XIYZ']

[1.+0.j] PauliTable: ['II']
[-1.+0.j] PauliTable: ['IZ']
[-0.-1.j] PauliTable: ['ZY']
[-0.-1.j] PauliTable: ['YI']
[1.-0.j] PauliTable: ['IZ']
[-1.+0.j] PauliTable: ['ZZ']
[-1.+0.j] PauliTable: ['ZX']
[-1.+0.j] PauliTable: ['XI']
========== Starts statevector simulation ==========
self.n_orb = 2
Start calculating the ground state using VQE
Finish calculating the ground state using VQE
Ground state energy = -213.939 eV
Start calculating (N±1)-electron states
Finish calculating (N±1)-electron states
Start calculating diagonal transition amplitudes
m = 0
Index of largest element is 000
probs_e = [5.466630e-05 4.005206e-04]
probs_h = [0.984905 0.01464 ]
m = 1
Index of largest element is 011
probs_e = [0.998338 0.001207]
probs_h = [8.274403e-05 3.724429e-04]
Finish calculating diagonal transition amplitudes
Start calculating off-diagonal transition amplitudes
Finish calculating off-diagonal transition amplitudes
